// Jest Snapshot v1, https://goo.gl/fbAQLP

exports[`Login renders correctly Login renders correctly  1`] = `
<View
  onLayout={[Function]}
  style={
    {
      "flex": 1,
    }
  }
>
  <View
    style={
      [
        {
          "flex": 1,
        },
        undefined,
        undefined,
        undefined,
      ]
    }
  >
    <RNCSafeAreaProvider
      onInsetsChange={[Function]}
      style={
        [
          {
            "flex": 1,
          },
          undefined,
        ]
      }
    />
  </View>
  <RCTSafeAreaView
    pointerEvents="box-none"
    style={
      {
        "bottom": 0,
        "left": 0,
        "position": "absolute",
        "right": 0,
        "top": 0,
      }
    }
  >
    <View
      collapsable={false}
      onLayout={[Function]}
      pointerEvents="box-none"
      style={
        {
          "flex": 1,
        }
      }
    />
  </RCTSafeAreaView>
</View>
`;
